[backblue.gif]
[fade.gif]
[index.html]
[hydkidsfair.com/images/favicon.png]
[cdnjs.cloudflare.com/ajax/libs/font-awesome/4.7.0/css/font-awesome.min.css]
[cdn.jsdelivr.net/npm/bootstrap@5.3.0/dist/css/bootstrap.min.css]
[hydkidsfair.com/images/logo.png]
[hydkidsfair.com/Brochure Final_Final Artwork.pdf]
[hydkidsfair.com/Post-Show-Report-7-Feb.pdf]
[hydkidsfair.com/images/slider-mainbg-010.jpg]
[hydkidsfair.com/images/banner-mobile.jpg]
[hydkidsfair.com/images/2 (3).jpg]
[hydkidsfair.com/images/About-image.jpg]
[hydkidsfair.com/images/ds-1.png]
[hydkidsfair.com/images/gallery/1.jpg]
[hydkidsfair.com/images/gallery/2.jpg]
[hydkidsfair.com/images/gallery/3.jpg]
[hydkidsfair.com/images/gallery/4.jpg]
[hydkidsfair.com/images/gallery/5.jpg]
[hydkidsfair.com/images/gallery/6.jpg]
[hydkidsfair.com/images/gallery/7.jpg]
[hydkidsfair.com/images/gallery/8.jpg]
[hydkidsfair.com/images/gallery/9.jpg]
[hydkidsfair.com/images/gallery/10.jpg]
[hydkidsfair.com/images/gallery/11.jpg]
[hydkidsfair.com/images/gallery/12.jpg]
[hydkidsfair.com/images/gallery/13.jpg]
[hydkidsfair.com/images/gallery/14.jpg]
[hydkidsfair.com/images/gallery/15.jpg]
[hydkidsfair.com/images/gallery/17.jpg]
[hydkidsfair.com/images/gallery/18.jpg]
[hydkidsfair.com/images/gallery/19.jpg]
[hydkidsfair.com/images/client/010.jpg]
[hydkidsfair.com/images/client/02.jpg]
[hydkidsfair.com/images/client/01.jpg]
[hydkidsfair.com/images/client/05.jpg]
[hydkidsfair.com/images/client/03.jpg]
[hydkidsfair.com/images/client/04.jpg]
[hydkidsfair.com/images/client/06.jpg]
[hydkidsfair.com/images/client/07.jpg]
[hydkidsfair.com/images/client/08.jpg]
[hydkidsfair.com/images/client/09.jpg]
[hydkidsfair.com/images/client/2.jpg]
[hydkidsfair.com/images/client/8.jpg]
[hydkidsfair.com/images/client/6.jpg]
[hydkidsfair.com/images/client/5.jpg]
[hydkidsfair.com/images/client/11.jpg]
[hydkidsfair.com/images/client/7.jpg]
[hydkidsfair.com/images/client/3.jpg]
[hydkidsfair.com/images/client/9.jpg]
[hydkidsfair.com/images/client/14.jpg]
[hydkidsfair.com/images/client/1.jpg]
[hydkidsfair.com/images/client/12.jpg]
[hydkidsfair.com/images/client/4.jpg]
[hydkidsfair.com/images/client/15.jpg]
[hydkidsfair.com/images/client/16.jpg]
[hydkidsfair.com/images/client/17.jpg]
[hydkidsfair.com/images/client/18.jpg]
[hydkidsfair.com/images/client/13.jpg]
[hydkidsfair.com/images/client/19.jpg]
[hydkidsfair.com/images/client/20.jpg]
[hydkidsfair.com/images/client/21.jpg]
[hydkidsfair.com/images/client/22.jpg]
[hydkidsfair.com/js/jquery.min.js]
[hydkidsfair.com/js/tether.min.js]
[hydkidsfair.com/js/bootstrap.min.js]
[hydkidsfair.com/js/jquery.easing.js]
[hydkidsfair.com/js/jquery-waypoints.js]
[hydkidsfair.com/js/owl.carousel.js]
[hydkidsfair.com/js/jquery.prettyPhoto.js]
[hydkidsfair.com/js/numinate.min6959.js]
[hydkidsfair.com/js/main.js]
[hydkidsfair.com/revolution/js/jquery.themepunch.tools.min.js]
[hydkidsfair.com/revolution/js/jquery.themepunch.revolution.min.js]
[hydkidsfair.com/revolution/js/slider.js]
[hydkidsfair.com/revolution/js/extensions/revolution.extension.actions.min.js]
[hydkidsfair.com/revolution/js/extensions/revolution.extension.carousel.min.js]
[hydkidsfair.com/revolution/js/extensions/revolution.extension.kenburn.min.js]
[hydkidsfair.com/revolution/js/extensions/revolution.extension.layeranimation.min.js]
[hydkidsfair.com/revolution/js/extensions/revolution.extension.migration.min.js]
[hydkidsfair.com/revolution/js/extensions/revolution.extension.navigation.min.js]
[hydkidsfair.com/revolution/js/extensions/revolution.extension.parallax.min.js]
[hydkidsfair.com/revolution/js/extensions/revolution.extension.slideanims.min.js]
[wati-integration-service.clare.ai/ShopifyWidget/shopifyWidgetade1.js]
[cdn.jsdelivr.net/npm/@popperjs/core@2.11.8/dist/umd/popper.min.js]
[hydkidsfair.com/index.html]
[hydkidsfair.com/css/bootstrap.min.css]
[hydkidsfair.com/css/animate.css]
[cdn.jsdelivr.net/npm/bootstrap@5.3.0/dist/js/bootstrap.min.js]
[themesflat.com/html/consuloan/stylesheets/owl.video.play.70.delayed]
[hydkidsfair.com/css/owl.carousel.css]
[hydkidsfair.com/fonts/fontawesome-webfont3e6e.woff2]
[hydkidsfair.com/fonts/fontawesome-webfont3e6e.woff]
[hydkidsfair.com/fonts/fontawesome-webfont3e6e.ttf]
[hydkidsfair.com/css/font-awesome.css]
[hydkidsfair.com/fonts/themify9f24.eot]
[hydkidsfair.com/fonts/themifyd41d.eot]
[hydkidsfair.com/fonts/themify9f24.woff]
[hydkidsfair.com/fonts/themify9f24.ttf]
[hydkidsfair.com/css/themify-icons.css]
[hydkidsfair.com/fonts/Flaticon.woff]
[hydkidsfair.com/css/flaticon.css]
[hydkidsfair.com/revolution/css/layers.css]
[hydkidsfair.com/revolution/fonts/revicons/revicons90c690c6.woff]
[hydkidsfair.com/revolution/css/settings.css]
[hydkidsfair.com/css/prettyPhoto.css]
[hydkidsfair.com/images/bg-image/col-bgimage-2.jpg]
[hydkidsfair.com/images/bg-image/col-bgimage-3.jpg]
[hydkidsfair.com/images/bg-image/col-bgimage-5.jpg]
[hydkidsfair.com/images/bg-image/col-bgimage-6.jpg]
[hydkidsfair.com/images/bg-image/col-bgimage-9.jpg]
[hydkidsfair.com/images/bg-image/col-bgimage-7.jpg]
[hydkidsfair.com/images/line-bgimg2.png]
[hydkidsfair.com/css/shortcodes.css]
[hydkidsfair.com/images/pre-loader-1.gif]
[hydkidsfair.com/images/ttm-pagetitle-bg.png]
[codeisle.info/blog/wp-content/uploads/2018/12/ico_next_b32.png]
[codeisle.info/blog/wp-content/uploads/2018/12/ico_next_b32-1.png]
[hydkidsfair.com/css/main.css]
[hydkidsfair.com/css/responsive.css]
[cdnjs.cloudflare.com/ajax/libs/font-awesome/4.7.0/css/font-awesome.min.css]
[cdn.jsdelivr.net/npm/bootstrap@5.3.0/dist/css/bootstrap.min.css]
[hydkidsfair.com/pvvr@hitex.co.html]
[hydkidsfair.com/index-2.html]
[hydkidsfair.com/about.html]
[user-images.githubusercontent.com/15075759/28719144-86dc0f70-73b1-11e7-911d-60d70fcded21.png]
[hydkidsfair.com/images/about-venue.jpg]
[hydkidsfair.com/about-organiser.html]
[hydkidsfair.com/about-venue.html]
[hydkidsfair.com/images/resource/highlight1.png]
[hydkidsfair.com/images/resource/highlight2.png]
[hydkidsfair.com/images/resource/highlight3.png]
[hydkidsfair.com/images/resource/highlight4.png]
[hydkidsfair.com/highlights.html]
[hydkidsfair.com/why-exhibit.html]
[hydkidsfair.com/exhibit-categories.html]
[hydkidsfair.com/exhibitor-benifits.html]
[hydkidsfair.com/exhibit-profile.html]
[hydkidsfair.com/visitor.html]
[hydkidsfair.com/visit-categories.html]
[hydkidsfair.com/visitor-benifits.html]
[hydkidsfair.com/visit-profile.html]
[hydkidsfair.com/images/Kidsrun_2.jpg]
[hydkidsfair.com/Kidsrun.html]
[hydkidsfair.com/images/gallery/15th.jpg]
[hydkidsfair.com/images/gallery/14th.jpg]
[hydkidsfair.com/images/gallery/13th.jpg]
[hydkidsfair.com/images/gallery/12th.jpg]
[hydkidsfair.com/images/gallery/11th.jpg]
[hydkidsfair.com/images/gallery/10th.jpg]
[hydkidsfair.com/images/gallery/09th.jpg]
[hydkidsfair.com/Gallery.html]
[forms.hitex.co.in/static_files/js/form.widget.js]
[hydkidsfair.com/Contactus.html]
[themesflat.com/html/consuloan/stylesheets/owl.video.play.html]
[hydkidsfair.com/fonts/fontawesome-webfont3e6e.html]
[hydkidsfair.com/fonts/fontawesome-webfontd41d.html]
[hydkidsfair.com/fonts/fontawesome-webfont3e6e-2.html]
[hydkidsfair.com/fonts/themify9f24.svg]
[hydkidsfair.com/fonts/Flaticon.html]
[hydkidsfair.com/fonts/Flaticond41d.html]
[hydkidsfair.com/fonts/Flaticon-2.html]
[hydkidsfair.com/fonts/Flaticon-3.html]
[hydkidsfair.com/css/Flaticon.html]
[hydkidsfair.com/revolution/fonts/revicons/revicons90c690c6.html]
[hydkidsfair.com/revolution/fonts/revicons/revicons90c690c6-2.html]
[hydkidsfair.com/revolution/fonts/revicons/revicons90c690c6-3.html]
[hydkidsfair.com/revolution/css/openhand.html]
[hydkidsfair.com/revolution/css/closedhand.html]
[hydkidsfair.com/revolution/assets/gridtile.html]
[hydkidsfair.com/revolution/assets/gridtile_white.html]
[hydkidsfair.com/revolution/assets/gridtile_3x3.html]
[hydkidsfair.com/revolution/assets/gridtile_3x3_white.html]
[hydkidsfair.com/revolution/assets/coloredbg.html]
[hydkidsfair.com/revolution/assets/loader.html]
[hydkidsfair.com/images/prettyPhoto/default/sprite.html]
[hydkidsfair.com/images/prettyPhoto/default/sprite_x.html]
[hydkidsfair.com/images/prettyPhoto/default/sprite_y.html]
[hydkidsfair.com/images/prettyPhoto/default/sprite_next.html]
[hydkidsfair.com/images/prettyPhoto/default/sprite_prev.html]
[hydkidsfair.com/images/prettyPhoto/default/default_thumb.html]
[hydkidsfair.com/images/prettyPhoto/default/loader.html]
[hydkidsfair.com/images/prettyPhoto/light_rounded/sprite.html]
[hydkidsfair.com/images/prettyPhoto/light_rounded/btnNext.html]
[hydkidsfair.com/images/prettyPhoto/light_rounded/btnPrevious.html]
[hydkidsfair.com/images/prettyPhoto/dark_rounded/sprite.html]
[hydkidsfair.com/images/prettyPhoto/dark_rounded/contentPattern.html]
[hydkidsfair.com/images/prettyPhoto/dark_rounded/btnNext.html]
[hydkidsfair.com/images/prettyPhoto/dark_rounded/btnPrevious.html]
[hydkidsfair.com/images/prettyPhoto/dark_rounded/loader.html]
[hydkidsfair.com/images/prettyPhoto/dark_square/loader.html]
[hydkidsfair.com/images/prettyPhoto/dark_square/sprite.html]
[hydkidsfair.com/images/prettyPhoto/dark_square/btnNext.html]
[hydkidsfair.com/images/prettyPhoto/dark_square/btnPrevious.html]
[hydkidsfair.com/images/prettyPhoto/light_square/sprite.html]
[hydkidsfair.com/images/prettyPhoto/light_square/btnNext.html]
[hydkidsfair.com/images/prettyPhoto/light_square/btnPrevious.html]
[hydkidsfair.com/images/prettyPhoto/facebook/sprite.html]
[hydkidsfair.com/images/prettyPhoto/facebook/contentPatternTop.html]
[hydkidsfair.com/images/prettyPhoto/facebook/contentPatternLeft.html]
[hydkidsfair.com/images/prettyPhoto/facebook/contentPatternRight.html]
[hydkidsfair.com/images/prettyPhoto/facebook/loader.html]
[hydkidsfair.com/images/prettyPhoto/facebook/btnNext.html]
[hydkidsfair.com/images/prettyPhoto/facebook/btnPrevious.html]
[hydkidsfair.com/images/prettyPhoto/facebook/contentPatternBottom.html]
[hydkidsfair.com/images/prettyPhoto/facebook/default_thumbnail.html]
[hydkidsfair.com/images/prettyPhoto/light_rounded/loader.html]
[hydkidsfair.com/images/bg-image/row-bgimage-1.html]
[hydkidsfair.com/images/bg-image/row-bgimage-2.html]
[hydkidsfair.com/images/bg-image/row-bgimage-3.html]
[hydkidsfair.com/images/bg-image/row-bgimage-4.html]
[hydkidsfair.com/images/bg-image/row-bgimage-5.html]
[hydkidsfair.com/images/bg-image/row-bgimage-6.html]
[hydkidsfair.com/images/bg-image/row-bgimage-7.html]
[hydkidsfair.com/images/bg-image/row-bgimage-8.html]
[hydkidsfair.com/images/bg-image/row-bgimage-9.html]
[hydkidsfair.com/images/bg-image/row-bgimage-10.html]
[hydkidsfair.com/images/bg-image/row-bgimage-11.html]
[hydkidsfair.com/images/bg-image/bg-img-skincolor.html]
[hydkidsfair.com/images/bg-image/col-bgimage-1.html]
[hydkidsfair.com/images/bg-image/col-bgimage-4.html]
[hydkidsfair.com/images/bg-image/col-bgimage-10.html]
[hydkidsfair.com/images/bg-image/col-bgimage-11.html]
[hydkidsfair.com/images/bg-image/col-bgimage-12.html]
[hydkidsfair.com/images/bg-image/col-bgimage-13.html]
[hydkidsfair.com/images/search-icon.html]
[hydkidsfair.com/images/line-bgimg.html]
[hydkidsfair.com/images/error-search.html]
[hydkidsfair.com/images/background/hitex.html]
[hydkidsfair.com/Bookyourspace.html]
[hydkidsfair.com/Brochure.html]
